
=== mod7_transition_matrix.py ===

[stderr]
/Users/tho2020/Documents/GitHub/NEXAH/ENGINE/research/experiments/prime_modular_resonance/analysis/mod7_transition_matrix.py:68: UserWarning: FigureCanvasAgg is non-interactive, and thus cannot be shown
  plt.show()

=== mod7_transition_matrix_ii.py ===
Prime entropy: 1.4041786213497167

[Odd Random]
Mean entropy: 1.9291997615368581
Std: 0.003604090974273484
Z-score: -145.67366467415602

[Prime-like Random]
Mean entropy: 1.8034445981149425
Std: 0.0028713152238227027
Z-score: -139.05334158839338

[stderr]
/Users/tho2020/Documents/GitHub/NEXAH/ENGINE/research/experiments/prime_modular_resonance/analysis/mod7_transition_matrix_ii.py:100: UserWarning: FigureCanvasAgg is non-interactive, and thus cannot be shown
  plt.show()

=== mod7_top_transitions.py ===

Top Transitions:
5 → 4 : 0.0644
3 → 2 : 0.0546
2 → 1 : 0.0489
1 → 3 : 0.0456
6 → 5 : 0.0456
4 → 3 : 0.0440
3 → 5 : 0.0432
5 → 2 : 0.0432
1 → 5 : 0.0424
4 → 1 : 0.0424

[stderr]
/Users/tho2020/Documents/GitHub/NEXAH/ENGINE/research/experiments/prime_modular_resonance/analysis/mod7_top_transitions.py:44: UserWarning: FigureCanvasAgg is non-interactive, and thus cannot be shown
  plt.show()

=== stationary_distribution_mod7.py ===
Transition matrix P:
[[0.     0.     0.     0.     1.     0.     0.    ]
 [0.     0.0394 0.1478 0.2759 0.1576 0.2562 0.1232]
 [0.     0.297  0.0594 0.099  0.2228 0.1139 0.2079]
 [0.     0.0957 0.3206 0.0526 0.0957 0.2536 0.1818]
 [0.     0.2574 0.0941 0.2673 0.0248 0.104  0.2525]
 [0.0048 0.0952 0.2524 0.1143 0.3762 0.0286 0.1286]
 [0.     0.215  0.105  0.215  0.1    0.28   0.085 ]]

Stationary distribution pi:
State 0: 0.000818
State 1: 0.165454
State 2: 0.164566
State 3: 0.169590
State 4: 0.164795
State 5: 0.171800
State 6: 0.162976

Check pi @ P:
[0.000818 0.165454 0.164566 0.16959  0.164795 0.1718   0.162976]

Empirical residue frequency:
State 0: 0.000814
State 1: 0.165309
State 2: 0.164495
State 3: 0.170195
State 4: 0.164495
State 5: 0.171824
State 6: 0.162866

[stderr]
/Users/tho2020/Documents/GitHub/NEXAH/ENGINE/research/experiments/prime_modular_resonance/analysis/stationary_distribution_mod7.py:90: UserWarning: FigureCanvasAgg is non-interactive, and thus cannot be shown
  plt.show()
/Users/tho2020/Documents/GitHub/NEXAH/ENGINE/research/experiments/prime_modular_resonance/analysis/stationary_distribution_mod7.py:102: UserWarning: FigureCanvasAgg is non-interactive, and thus cannot be shown
  plt.show()

=== mod_sweep_entropy.py ===

--- MOD 5 ---
Prime entropy: 5.1935
Random mean:   1.3854 | Z: 4080.66
Prime-like:    -0.0000 | Z: 5193536576288.93

--- MOD 7 ---
Prime entropy: 9.9860
Random mean:   3.2917 | Z: 2828.05
Prime-like:    -0.0000 | Z: 9985996333002.20

--- MOD 11 ---
Prime entropy: 19.9812
Random mean:   8.0246 | Z: 1579.61
Prime-like:    -0.0000 | Z: 19981220586384.15

--- MOD 13 ---
Prime entropy: 24.8858
Random mean:   10.7111 | Z: 1331.14
Prime-like:    1.3854 | Z: 24676.84

--- MOD 17 ---
Prime entropy: 34.5649
Random mean:   16.5370 | Z: 944.68
Prime-like:    3.2920 | Z: 14326.95

--- MOD 19 ---
Prime entropy: 39.0118
Random mean:   19.6299 | Z: 858.95
Prime-like:    5.5340 | Z: 7777.46

--- MOD 23 ---
Prime entropy: 47.8419
Random mean:   26.1004 | Z: 586.94
Prime-like:    8.0256 | Z: 5542.73

[stderr]
/Users/tho2020/Documents/GitHub/NEXAH/ENGINE/research/experiments/prime_modular_resonance/analysis/mod_sweep_entropy.py:131: UserWarning: FigureCanvasAgg is non-interactive, and thus cannot be shown
  plt.show()

=== mod17_transition_entropy.py ===
Prime entropy: 4.827185055848133
Random mean: 4.132790707943912
Z-score: 126.91886244690757

[stderr]
/Users/tho2020/Documents/GitHub/NEXAH/ENGINE/research/experiments/prime_modular_resonance/analysis/mod17_transition_entropy.py:46: UserWarning: FigureCanvasAgg is non-interactive, and thus cannot be shown
  plt.show()

=== spectral_modes_mod7.py ===
================================================================================
SPECTRAL MODES OF PRIME mod-7 TRANSITION MATRIX
================================================================================
Mode 0: eigenvalue = (1+0j)
Mode 1: eigenvalue = (-0.17732010223949649-0.23725637827933105j)
Mode 2: eigenvalue = (-0.17732010223949649+0.23725637827933105j)
Mode 3: eigenvalue = (-0.11368401052271679-0.11570516668996815j)
Mode 4: eigenvalue = (-0.11368401052271679+0.11570516668996815j)
Mode 5: eigenvalue = (-0.08168995535343448+0j)
Mode 6: eigenvalue = (-0.004353034170017729+0j)

Stationary mode:
State 0: 0.000443
State 1: 0.166821
State 2: 0.164561
State 3: 0.166853
State 4: 0.166897
State 5: 0.167177
State 6: 0.167248

[stderr]
/Users/tho2020/Documents/GitHub/NEXAH/ENGINE/research/experiments/prime_modular_resonance/analysis/spectral_modes_mod7.py:100: UserWarning: FigureCanvasAgg is non-interactive, and thus cannot be shown
  plt.show()
/Users/tho2020/Documents/GitHub/NEXAH/ENGINE/research/experiments/prime_modular_resonance/analysis/spectral_modes_mod7.py:112: UserWarning: FigureCanvasAgg is non-interactive, and thus cannot be shown
  plt.show()
/Users/tho2020/Documents/GitHub/NEXAH/ENGINE/research/experiments/prime_modular_resonance/analysis/spectral_modes_mod7.py:130: UserWarning: FigureCanvasAgg is non-interactive, and thus cannot be shown
  plt.show()
/Users/tho2020/Documents/GitHub/NEXAH/ENGINE/research/experiments/prime_modular_resonance/analysis/spectral_modes_mod7.py:144: UserWarning: FigureCanvasAgg is non-interactive, and thus cannot be shown
  plt.show()

=== spectral_flow_projection.py ===
================================================================================
SPECTRAL FLOW PROJECTION (mod 7)
================================================================================
Mode 1 eigenvalue: (-0.17732010223949649-0.23725637827933105j)
Mode 2 eigenvalue: (-0.17732010223949649+0.23725637827933105j)

[stderr]
/Users/tho2020/Documents/GitHub/NEXAH/ENGINE/research/experiments/prime_modular_resonance/analysis/spectral_flow_projection.py:101: UserWarning: FigureCanvasAgg is non-interactive, and thus cannot be shown
  plt.show()
/Users/tho2020/Documents/GitHub/NEXAH/ENGINE/research/experiments/prime_modular_resonance/analysis/spectral_flow_projection.py:127: UserWarning: FigureCanvasAgg is non-interactive, and thus cannot be shown
  plt.show()
/Users/tho2020/Documents/GitHub/NEXAH/ENGINE/research/experiments/prime_modular_resonance/analysis/spectral_flow_projection.py:163: UserWarning: FigureCanvasAgg is non-interactive, and thus cannot be shown
  plt.show()
/Users/tho2020/Documents/GitHub/NEXAH/ENGINE/research/experiments/prime_modular_resonance/analysis/spectral_flow_projection.py:177: UserWarning: FigureCanvasAgg is non-interactive, and thus cannot be shown
  plt.show()

=== spectral_flow_complex_plane.py ===
================================================================================
SPECTRAL FLOW IN COMPLEX PLANE (mod 7)
================================================================================
Mode 0: eigenvalue = (1+0j)
Mode 1: eigenvalue = (-0.17732010223949649-0.23725637827933105j)
Mode 2: eigenvalue = (-0.17732010223949649+0.23725637827933105j)
Mode 3: eigenvalue = (-0.11368401052271679-0.11570516668996815j)
Mode 4: eigenvalue = (-0.11368401052271679+0.11570516668996815j)
Mode 5: eigenvalue = (-0.08168995535343448+0j)
Mode 6: eigenvalue = (-0.004353034170017729+0j)

Using mode 1: λ = (-0.17732010223949649-0.23725637827933105j)

[stderr]
/Users/tho2020/Documents/GitHub/NEXAH/ENGINE/research/experiments/prime_modular_resonance/analysis/spectral_flow_complex_plane.py:100: UserWarning: FigureCanvasAgg is non-interactive, and thus cannot be shown
  plt.show()
/Users/tho2020/Documents/GitHub/NEXAH/ENGINE/research/experiments/prime_modular_resonance/analysis/spectral_flow_complex_plane.py:127: UserWarning: FigureCanvasAgg is non-interactive, and thus cannot be shown
  plt.show()
/Users/tho2020/Documents/GitHub/NEXAH/ENGINE/research/experiments/prime_modular_resonance/analysis/spectral_flow_complex_plane.py:165: UserWarning: FigureCanvasAgg is non-interactive, and thus cannot be shown
  plt.show()
/Users/tho2020/Documents/GitHub/NEXAH/ENGINE/research/experiments/prime_modular_resonance/analysis/spectral_flow_complex_plane.py:182: UserWarning: FigureCanvasAgg is non-interactive, and thus cannot be shown
  plt.show()

=== clockwise_vs_counterclockwise_mod7.py ===
================================================================================
CLOCKWISE VS COUNTERCLOCKWISE ANALYSIS (mod 7)
================================================================================
Using mode 1 eigenvalue: (-0.17732010223949649-0.23725637827933105j)

Number of CW/CCW switch events: 293
First switch indices: [11, 12, 22, 23, 28, 29, 32, 33, 40, 41, 44, 45, 51, 52, 59, 60, 61, 64, 65, 66]

Rotation summary:
CCW fraction: 0.6461
CW fraction:  0.3105
Mean dθ:      0.698228
Std dθ:       1.780143

[stderr]
/Users/tho2020/Documents/GitHub/NEXAH/ENGINE/research/experiments/prime_modular_resonance/analysis/clockwise_vs_counterclockwise_mod7.py:161: UserWarning: FigureCanvasAgg is non-interactive, and thus cannot be shown
  plt.show()
/Users/tho2020/Documents/GitHub/NEXAH/ENGINE/research/experiments/prime_modular_resonance/analysis/clockwise_vs_counterclockwise_mod7.py:184: UserWarning: FigureCanvasAgg is non-interactive, and thus cannot be shown
  plt.show()
/Users/tho2020/Documents/GitHub/NEXAH/ENGINE/research/experiments/prime_modular_resonance/analysis/clockwise_vs_counterclockwise_mod7.py:197: UserWarning: FigureCanvasAgg is non-interactive, and thus cannot be shown
  plt.show()
/Users/tho2020/Documents/GitHub/NEXAH/ENGINE/research/experiments/prime_modular_resonance/analysis/clockwise_vs_counterclockwise_mod7.py:210: UserWarning: FigureCanvasAgg is non-interactive, and thus cannot be shown
  plt.show()

=== circulation_measure_mod7.py ===
======================================================================
CIRCULATION MEASURE (mod 7)
======================================================================
[WARN] No figures to save.

Curl stats:
Mean: 0.000000
Std:  0.550547
Max:  29.057746
Min:  -29.057746

[stderr]
/Users/tho2020/Documents/GitHub/NEXAH/ENGINE/research/experiments/prime_modular_resonance/analysis/circulation_measure_mod7.py:63: UserWarning: FigureCanvasAgg is non-interactive, and thus cannot be shown
  plt.show()
/Users/tho2020/Documents/GitHub/NEXAH/ENGINE/research/experiments/prime_modular_resonance/analysis/circulation_measure_mod7.py:79: UserWarning: FigureCanvasAgg is non-interactive, and thus cannot be shown
  plt.show()

=== streamline_field_mod7.py ===

[stderr]
/Users/tho2020/Documents/GitHub/NEXAH/ENGINE/research/experiments/prime_modular_resonance/analysis/streamline_field_mod7.py:43: UserWarning: FigureCanvasAgg is non-interactive, and thus cannot be shown
  plt.show()

=== energy_flux_field_mod7.py ===
======================================================================
ENERGY FLUX FIELD (mod 7)
======================================================================

[stderr]
/Users/tho2020/Documents/GitHub/NEXAH/ENGINE/research/experiments/prime_modular_resonance/analysis/energy_flux_field_mod7.py:152: UserWarning: FigureCanvasAgg is non-interactive, and thus cannot be shown
  plt.show()
/Users/tho2020/Documents/GitHub/NEXAH/ENGINE/research/experiments/prime_modular_resonance/analysis/energy_flux_field_mod7.py:170: UserWarning: FigureCanvasAgg is non-interactive, and thus cannot be shown
  plt.show()

=== energy_density_map_mod7.py ===
========================================================================
ENERGY DENSITY MAP (mod 7)
========================================================================

Energy stats:
Mean: 1.854950
Std:  1.564388
Max:  3.611925

[stderr]
/Users/tho2020/Documents/GitHub/NEXAH/ENGINE/research/experiments/prime_modular_resonance/analysis/energy_density_map_mod7.py:134: UserWarning: FigureCanvasAgg is non-interactive, and thus cannot be shown
  plt.show()
/Users/tho2020/Documents/GitHub/NEXAH/ENGINE/research/experiments/prime_modular_resonance/analysis/energy_density_map_mod7.py:145: UserWarning: FigureCanvasAgg is non-interactive, and thus cannot be shown
  plt.show()
/Users/tho2020/Documents/GitHub/NEXAH/ENGINE/research/experiments/prime_modular_resonance/analysis/energy_density_map_mod7.py:156: UserWarning: FigureCanvasAgg is non-interactive, and thus cannot be shown
  plt.show()

=== resonance_node_tracker_mod7.py ===
========================================================================
RESONANCE NODE TRACKER (mod 7)
========================================================================

Detected vortex points:   749
Detected node clusters:   3
Node 0: size= 405 center=(-0.1557, -0.1557)
Node 1: size= 245 center=(0.0790, 0.0790)
Node 2: size=  99 center=(0.3011, 0.3011)

Top residence runs:
node=0  start= 468  end= 476  length=   9
node=0  start=1002  end=1007  length=   6
node=0  start=1584  end=1589  length=   6
node=0  start=1601  end=1606  length=   6
node=0  start= 442  end= 446  length=   5
node=0  start= 529  end= 533  length=   5
node=0  start= 613  end= 617  length=   5
node=0  start= 645  end= 649  length=   5
node=0  start= 903  end= 907  length=   5
node=1  start=1008  end=1012  length=   5
node=0  start=1095  end=1099  length=   5
node=0  start=1282  end=1286  length=   5

[stderr]
/Users/tho2020/Documents/GitHub/NEXAH/ENGINE/research/experiments/prime_modular_resonance/analysis/resonance_node_tracker_mod7.py:218: UserWarning: FigureCanvasAgg is non-interactive, and thus cannot be shown
  plt.show()
/Users/tho2020/Documents/GitHub/NEXAH/ENGINE/research/experiments/prime_modular_resonance/analysis/resonance_node_tracker_mod7.py:229: UserWarning: FigureCanvasAgg is non-interactive, and thus cannot be shown
  plt.show()
/Users/tho2020/Documents/GitHub/NEXAH/ENGINE/research/experiments/prime_modular_resonance/analysis/resonance_node_tracker_mod7.py:247: UserWarning: FigureCanvasAgg is non-interactive, and thus cannot be shown
  plt.show()

=== basin_map_mod7.py ===
========================================================================
BASIN MAP (mod 7)
========================================================================

Detected vortex points: 749
Detected basin centers: 3
Basin 0: center=(-0.1557, -0.1557)
Basin 1: center=(0.0790, 0.0790)
Basin 2: center=(0.3011, 0.3011)

[stderr]
/Users/tho2020/Documents/GitHub/NEXAH/ENGINE/research/experiments/prime_modular_resonance/analysis/basin_map_mod7.py:195: UserWarning: FigureCanvasAgg is non-interactive, and thus cannot be shown
  plt.show()
/Users/tho2020/Documents/GitHub/NEXAH/ENGINE/research/experiments/prime_modular_resonance/analysis/basin_map_mod7.py:208: UserWarning: FigureCanvasAgg is non-interactive, and thus cannot be shown
  plt.show()
/Users/tho2020/Documents/GitHub/NEXAH/ENGINE/research/experiments/prime_modular_resonance/analysis/basin_map_mod7.py:221: UserWarning: FigureCanvasAgg is non-interactive, and thus cannot be shown
  plt.show()

=== basin_transition_dynamics_mod7.py ===
========================================================================
BASIN TRANSITION DYNAMICS (mod 7)
========================================================================

Detected basins: 3

Transition counts matrix:
[[427 355 214]
 [367 188 110]
 [203 121  14]]

Transition probability matrix:
[[0.4287 0.3564 0.2149]
 [0.5519 0.2827 0.1654]
 [0.6006 0.358  0.0414]]

[stderr]
/Users/tho2020/Documents/GitHub/NEXAH/ENGINE/research/experiments/prime_modular_resonance/analysis/basin_transition_dynamics_mod7.py:199: UserWarning: FigureCanvasAgg is non-interactive, and thus cannot be shown
  plt.show()
/Users/tho2020/Documents/GitHub/NEXAH/ENGINE/research/experiments/prime_modular_resonance/analysis/basin_transition_dynamics_mod7.py:211: UserWarning: FigureCanvasAgg is non-interactive, and thus cannot be shown
  plt.show()

=== basin_flow_field_visualizer.py ===
========================================================================
BASIN FLOW FIELD VISUALIZER (mod 7)
========================================================================

Transition probability matrix:
[[0.4287 0.3564 0.2149]
 [0.5519 0.2827 0.1654]
 [0.6006 0.358  0.0414]]

[stderr]
/Users/tho2020/Documents/GitHub/NEXAH/ENGINE/research/experiments/prime_modular_resonance/analysis/basin_flow_field_visualizer.py:217: UserWarning: FigureCanvasAgg is non-interactive, and thus cannot be shown
  plt.show()
/Users/tho2020/Documents/GitHub/NEXAH/ENGINE/research/experiments/prime_modular_resonance/analysis/basin_flow_field_visualizer.py:237: UserWarning: FigureCanvasAgg is non-interactive, and thus cannot be shown
  plt.show()

=== loop_detection_mod7.py ===
====================================================================================================
LOOP DETECTION IN PRIME MOD-7 FLOW
====================================================================================================

--- Loop length 2 ---
4 → 5 → 4                      | count=176   | transition_score=176
2 → 3 → 2                      | count=171   | transition_score=171
1 → 2 → 1                      | count=163   | transition_score=163
5 → 6 → 5                      | count=149   | transition_score=149
1 → 4 → 1                      | count=144   | transition_score=144
3 → 4 → 3                      | count=142   | transition_score=142
4 → 6 → 4                      | count=140   | transition_score=140
3 → 6 → 3                      | count=140   | transition_score=140
1 → 5 → 1                      | count=139   | transition_score=139
1 → 6 → 1                      | count=137   | transition_score=137
3 → 5 → 3                      | count=135   | transition_score=135
1 → 3 → 1                      | count=129   | transition_score=129
2 → 5 → 2                      | count=127   | transition_score=127
2 → 6 → 2                      | count=124   | transition_score=124
2 → 4 → 2                      | count=117   | transition_score=117

--- Loop length 3 ---
1 → 5 → 4 → 1                  | count=88    | transition_score=312
4 → 6 → 5 → 4                  | count=86    | transition_score=327
3 → 5 → 4 → 3                  | count=85    | transition_score=329
2 → 4 → 3 → 2                  | count=77    | transition_score=308
1 → 3 → 2 → 1                  | count=76    | transition_score=325
2 → 6 → 3 → 2                  | count=74    | transition_score=285
2 → 6 → 5 → 2                  | count=73    | transition_score=273
1 → 5 → 2 → 1                  | count=66    | transition_score=294
1 → 3 → 6 → 1                  | count=63    | transition_score=232
1 → 4 → 6 → 1                  | count=54    | transition_score=232
2 → 4 → 5 → 2                  | count=52    | transition_score=212
1 → 3 → 5 → 1                  | count=50    | transition_score=227
1 → 2 → 4 → 1                  | count=49    | transition_score=217
2 → 3 → 5 → 2                  | count=48    | transition_score=228
1 → 5 → 6 → 1                  | count=47    | transition_score=222

--- Loop length 4 ---
1 → 3 → 5 → 4 → 1              | count=37    | transition_score=400
1 → 5 → 4 → 6 → 1              | count=33    | transition_score=400
1 → 3 → 2 → 6 → 1              | count=33    | transition_score=377
2 → 6 → 5 → 3 → 2              | count=31    | transition_score=351
1 → 3 → 5 → 2 → 1              | count=28    | transition_score=382
2 → 4 → 6 → 3 → 2              | count=26    | transition_score=375
1 → 4 → 3 → 2 → 1              | count=25    | transition_score=398
1 → 6 → 5 → 4 → 1              | count=25    | transition_score=376
1 → 5 → 4 → 2 → 1              | count=25    | transition_score=375
1 → 5 → 4 → 3 → 1              | count=25    | transition_score=370
2 → 4 → 6 → 5 → 2              | count=25    | transition_score=363
1 → 4 → 3 → 6 → 1              | count=25    | transition_score=305
1 → 3 → 6 → 4 → 1              | count=24    | transition_score=284
1 → 3 → 2 → 4 → 1              | count=23    | transition_score=379
1 → 6 → 5 → 2 → 1              | count=23    | transition_score=358

--- Loop length 5 ---
1 → 3 → 6 → 5 → 4 → 1          | count=17    | transition_score=471
2 → 6 → 5 → 4 → 3 → 2          | count=16    | transition_score=545
1 → 5 → 4 → 3 → 6 → 1          | count=13    | transition_score=473
1 → 4 → 6 → 3 → 2 → 1          | count=13    | transition_score=465
1 → 5 → 4 → 6 → 4 → 1          | count=13    | transition_score=452
1 → 5 → 4 → 3 → 4 → 1          | count=12    | transition_score=454
1 → 5 → 3 → 2 → 6 → 1          | count=12    | transition_score=424
1 → 5 → 4 → 3 → 2 → 1          | count=11    | transition_score=566
1 → 5 → 6 → 3 → 2 → 1          | count=11    | transition_score=455
1 → 6 → 3 → 5 → 4 → 1          | count=11    | transition_score=445
1 → 3 → 5 → 2 → 4 → 1          | count=11    | transition_score=436
2 → 6 → 6 → 3 → 5 → 2          | count=11    | transition_score=375
1 → 3 → 6 → 2 → 4 → 1          | count=11    | transition_score=358
3 → 5 → 4 → 5 → 4 → 3          | count=10    | transition_score=505
1 → 4 → 3 → 5 → 4 → 1          | count=10    | transition_score=473

--- Loop length 6 ---
1 → 4 → 3 → 5 → 1 → 6 → 1      | count=11    | transition_score=437
1 → 3 → 2 → 6 → 5 → 4 → 1      | count=10    | transition_score=616
1 → 5 → 4 → 3 → 4 → 3 → 1      | count=10    | transition_score=512
1 → 4 → 5 → 4 → 3 → 6 → 1      | count=10    | transition_score=481
1 → 5 → 4 → 3 → 5 → 4 → 1      | count=8     | transition_score=641
1 → 2 → 1 → 4 → 3 → 2 → 1      | count=8     | transition_score=561
1 → 3 → 6 → 3 → 5 → 4 → 1      | count=8     | transition_score=540
1 → 5 → 4 → 6 → 2 → 4 → 1      | count=8     | transition_score=526
1 → 3 → 6 → 5 → 2 → 4 → 1      | count=8     | transition_score=507
1 → 5 → 4 → 3 → 2 → 6 → 1      | count=7     | transition_score=618
1 → 4 → 3 → 2 → 5 → 2 → 1      | count=7     | transition_score=525
1 → 5 → 4 → 5 → 2 → 6 → 1      | count=7     | transition_score=522
1 → 2 → 5 → 6 → 3 → 2 → 1      | count=7     | transition_score=451
1 → 5 → 4 → 6 → 3 → 2 → 1      | count=6     | transition_score=633
1 → 6 → 5 → 4 → 5 → 4 → 1      | count=6     | transition_score=552

[stderr]
/Users/tho2020/Documents/GitHub/NEXAH/ENGINE/research/experiments/prime_modular_resonance/analysis/loop_detection_mod7.py:150: UserWarning: FigureCanvasAgg is non-interactive, and thus cannot be shown
  plt.show()
/Users/tho2020/Documents/GitHub/NEXAH/ENGINE/research/experiments/prime_modular_resonance/analysis/loop_detection_mod7.py:168: UserWarning: FigureCanvasAgg is non-interactive, and thus cannot be shown
  plt.show()
/Users/tho2020/Documents/GitHub/NEXAH/ENGINE/research/experiments/prime_modular_resonance/analysis/loop_detection_mod7.py:208: UserWarning: This figure includes Axes that are not compatible with tight_layout, so results might be incorrect.
  plt.tight_layout()
/Users/tho2020/Documents/GitHub/NEXAH/ENGINE/research/experiments/prime_modular_resonance/analysis/loop_detection_mod7.py:209: UserWarning: FigureCanvasAgg is non-interactive, and thus cannot be shown
  plt.show()

=== loop_stability_mod7.py ===
======================================================================
LOOP STABILITY ANALYSIS (mod 7)
======================================================================

Loop: [4, 5, 4]
  Loop probability:     0.039598
  Return probability:   0.178074
  Persistence score:    0.274536

Loop: [2, 3, 2]
  Loop probability:     0.040323
  Return probability:   0.174931
  Persistence score:    0.280509

Loop: [1, 2, 1]
  Loop probability:     0.041970
  Return probability:   0.172392
  Persistence score:    0.274201

Loop: [5, 6, 5]
  Loop probability:     0.034385
  Return probability:   0.180513
  Persistence score:    0.259480

Loop: [1, 5, 4, 1]
  Loop probability:     0.019746
  Return probability:   0.165170
  Persistence score:    0.451813

Loop: [4, 6, 5, 4]
  Loop probability:     0.023196
  Return probability:   0.163893
  Persistence score:    0.467307

Loop: [3, 5, 4, 3]
  Loop probability:     0.023635
  Return probability:   0.164289
  Persistence score:    0.444388

[stderr]
/Users/tho2020/Documents/GitHub/NEXAH/ENGINE/research/experiments/prime_modular_resonance/analysis/loop_stability_mod7.py:121: UserWarning: FigureCanvasAgg is non-interactive, and thus cannot be shown
  plt.show()

=== circulation_loops_mod7.py ===
========================================================================
CIRCULATION LOOPS (mod 7)
========================================================================

Detected basin centers:
Q1: (-0.1657, -0.1657)
Q2: (-0.0349, -0.0349)
Q3: (0.1974, 0.1974)

Top loops by length:

--- Loop length 3 ---
(0, 0, 2) | count= 240 | charge=+0
(0, 1, 2) | count= 189 | charge=+0
(0, 2, 2) | count= 117 | charge=+0
(0, 0, 1) | count= 103 | charge=+0
(1, 2, 2) | count=  20 | charge=+0
(0, 1, 1) | count=   4 | charge=+0
(1, 1, 2) | count=   4 | charge=+0

--- Loop length 4 ---
(0, 0, 1, 2) | count= 142 | charge=+0
(0, 0, 0, 2) | count= 117 | charge=+0
(0, 0, 2, 2) | count=  84 | charge=+0
(0, 2, 0, 2) | count=  71 | charge=+0
(0, 1, 0, 2) | count=  70 | charge=+0
(0, 0, 0, 1) | count=  66 | charge=+0
(0, 1, 2, 2) | count=  65 | charge=+0
(0, 2, 1, 2) | count=  44 | charge=+0
(0, 2, 2, 2) | count=  21 | charge=+0
(0, 1, 1, 2) | count=  13 | charge=+0

--- Loop length 5 ---
(0, 0, 0, 1, 2) | count=  86 | charge=+0
(0, 0, 1, 0, 2) | count=  81 | charge=+0
(0, 0, 2, 0, 2) | count=  78 | charge=+0
(0, 1, 2, 0, 2) | count=  77 | charge=+0
(0, 0, 1, 2, 2) | count=  64 | charge=+0
(0, 0, 0, 0, 2) | count=  55 | charge=+0
(0, 0, 0, 2, 2) | count=  49 | charge=+0
(0, 2, 0, 2, 2) | count=  39 | charge=+0
(0, 2, 1, 2, 2) | count=  28 | charge=+0
(0, 1, 0, 1, 2) | count=  27 | charge=+0

--- Loop length 6 ---
(0, 0, 1, 2, 0, 2) | count=  66 | charge=+0
(0, 0, 2, 0, 1, 2) | count=  56 | charge=+0
(0, 0, 0, 0, 1, 2) | count=  52 | charge=+0
(0, 0, 2, 0, 2, 2) | count=  45 | charge=+0
(0, 0, 0, 2, 0, 2) | count=  43 | charge=+0
(0, 0, 0, 1, 0, 2) | count=  41 | charge=+0
(0, 0, 0, 1, 2, 2) | count=  30 | charge=+0
(0, 0, 1, 0, 0, 2) | count=  29 | charge=+0
(0, 1, 2, 2, 0, 2) | count=  27 | charge=+0
(0, 0, 0, 0, 2, 2) | count=  26 | charge=+0

--- Loop length 7 ---
(0, 0, 0, 1, 2, 0, 2) | count=  34 | charge=+0
(0, 0, 1, 2, 0, 0, 2) | count=  32 | charge=+0
(0, 0, 0, 0, 0, 1, 2) | count=  32 | charge=+0
(0, 0, 1, 0, 2, 0, 2) | count=  26 | charge=+0
(0, 0, 0, 1, 0, 0, 2) | count=  23 | charge=+0
(0, 1, 2, 0, 2, 0, 2) | count=  22 | charge=+0
(0, 0, 1, 0, 0, 1, 2) | count=  22 | charge=+0
(0, 0, 0, 1, 0, 2, 2) | count=  22 | charge=+0
(0, 0, 2, 0, 2, 0, 2) | count=  21 | charge=+0
(0, 0, 0, 1, 0, 2, 1) | count=  20 | charge=+0

--- Loop length 8 ---
(0, 0, 2, 0, 1, 2, 0, 2) | count=  25 | charge=+0
(0, 0, 1, 0, 2, 0, 0, 2) | count=  21 | charge=+0
(0, 0, 0, 0, 1, 2, 0, 2) | count=  20 | charge=+0
(0, 0, 0, 2, 0, 2, 0, 2) | count=  18 | charge=+0
(0, 0, 1, 2, 2, 0, 0, 2) | count=  17 | charge=+0
(0, 0, 1, 0, 0, 1, 2, 2) | count=  16 | charge=+0
(0, 0, 0, 1, 2, 0, 0, 2) | count=  16 | charge=+0
(0, 0, 0, 2, 0, 0, 2, 2) | count=  15 | charge=+0
(0, 0, 0, 0, 0, 0, 1, 2) | count=  14 | charge=+0
(0, 0, 1, 2, 0, 1, 0, 2) | count=  13 | charge=+0

Dominant loop overall:
length=3, cycle=(0, 0, 2), count=240, charge=+0

Charge summary:
Positive loops: 0
Negative loops: 0
Zero-area loops: 4492

[stderr]
/Users/tho2020/Documents/GitHub/NEXAH/ENGINE/research/experiments/prime_modular_resonance/analysis/circulation_loops_mod7.py:230: UserWarning: FigureCanvasAgg is non-interactive, and thus cannot be shown
  plt.show()
/Users/tho2020/Documents/GitHub/NEXAH/ENGINE/research/experiments/prime_modular_resonance/analysis/circulation_loops_mod7.py:270: UserWarning: FigureCanvasAgg is non-interactive, and thus cannot be shown
  plt.show()
/Users/tho2020/Documents/GitHub/NEXAH/ENGINE/research/experiments/prime_modular_resonance/analysis/circulation_loops_mod7.py:281: UserWarning: FigureCanvasAgg is non-interactive, and thus cannot be shown
  plt.show()

=== cycle_detector_mod7.py ===
========================================================================
CYCLE DETECTOR (mod 7 basins)
========================================================================

Top basin triples:
(1, 0, 0): 176
(0, 1, 0): 173
(0, 0, 0): 169
(0, 0, 1): 166
(0, 2, 0): 132
(1, 1, 0): 123
(0, 1, 1): 111
(1, 0, 1): 96
(1, 0, 2): 95
(2, 0, 1): 93
(0, 0, 2): 91
(2, 0, 0): 82

Closed 3-cycles:
(0, 2, 1): 237
(0, 1, 2): 225

[stderr]
/Users/tho2020/Documents/GitHub/NEXAH/ENGINE/research/experiments/prime_modular_resonance/analysis/cycle_detector_mod7.py:201: UserWarning: FigureCanvasAgg is non-interactive, and thus cannot be shown
  plt.show()
/Users/tho2020/Documents/GitHub/NEXAH/ENGINE/research/experiments/prime_modular_resonance/analysis/cycle_detector_mod7.py:216: UserWarning: FigureCanvasAgg is non-interactive, and thus cannot be shown
  plt.show()

=== cycle_flow_field_overlay.py ===
========================================================================
CYCLE FLOW FIELD OVERLAY (mod 7)
========================================================================

Closed 3-cycles:
(0, 2, 1): 237
(0, 1, 2): 225

Dominant cycle: (0, 2, 1)
Occurrences: 237

[stderr]
/Users/tho2020/Documents/GitHub/NEXAH/ENGINE/research/experiments/prime_modular_resonance/analysis/cycle_flow_field_overlay.py:218: UserWarning: FigureCanvasAgg is non-interactive, and thus cannot be shown
  plt.show()
/Users/tho2020/Documents/GitHub/NEXAH/ENGINE/research/experiments/prime_modular_resonance/analysis/cycle_flow_field_overlay.py:239: UserWarning: FigureCanvasAgg is non-interactive, and thus cannot be shown
  plt.show()

=== vortex_field_detector_mod7.py ===
======================================================================
VORTEX FIELD DETECTOR (mod 7)
======================================================================

Detected vortex points: 838
Detected vortex clusters: 3

[stderr]
/Users/tho2020/Documents/GitHub/NEXAH/ENGINE/research/experiments/prime_modular_resonance/analysis/vortex_field_detector_mod7.py:175: UserWarning: FigureCanvasAgg is non-interactive, and thus cannot be shown
  plt.show()
/Users/tho2020/Documents/GitHub/NEXAH/ENGINE/research/experiments/prime_modular_resonance/analysis/vortex_field_detector_mod7.py:189: UserWarning: FigureCanvasAgg is non-interactive, and thus cannot be shown
  plt.show()

=== diagonal_vortex_zoom_mod7.py ===

[stderr]
/Users/tho2020/Documents/GitHub/NEXAH/ENGINE/research/experiments/prime_modular_resonance/analysis/diagonal_vortex_zoom_mod7.py:46: UserWarning: FigureCanvasAgg is non-interactive, and thus cannot be shown
  plt.show()

=== threshold_pairs_2n_3n_analysis.py ===

================================================================================
2^n -> 2^n + 1 THRESHOLD PAIRS
================================================================================
base=2  n= 1  m=2         m+1=3         prime(m)=True  prime(m+1)=True  div(m)=2    div(m+1)=2    mod7: 2→3  mod17: 2→3
base=2  n= 2  m=4         m+1=5         prime(m)=False  prime(m+1)=True  div(m)=3    div(m+1)=2    mod7: 4→5  mod17: 4→5
base=2  n= 3  m=8         m+1=9         prime(m)=False  prime(m+1)=False  div(m)=4    div(m+1)=3    mod7: 1→2  mod17: 8→9
base=2  n= 4  m=16        m+1=17        prime(m)=False  prime(m+1)=True  div(m)=5    div(m+1)=2    mod7: 2→3  mod17: 16→0
base=2  n= 5  m=32        m+1=33        prime(m)=False  prime(m+1)=False  div(m)=6    div(m+1)=4    mod7: 4→5  mod17: 15→16
base=2  n= 6  m=64        m+1=65        prime(m)=False  prime(m+1)=False  div(m)=7    div(m+1)=4    mod7: 1→2  mod17: 13→14
base=2  n= 7  m=128       m+1=129       prime(m)=False  prime(m+1)=False  div(m)=8    div(m+1)=4    mod7: 2→3  mod17: 9→10
base=2  n= 8  m=256       m+1=257       prime(m)=False  prime(m+1)=True  div(m)=9    div(m+1)=2    mod7: 4→5  mod17: 1→2
base=2  n= 9  m=512       m+1=513       prime(m)=False  prime(m+1)=False  div(m)=10   div(m+1)=8    mod7: 1→2  mod17: 2→3
base=2  n=10  m=1024      m+1=1025      prime(m)=False  prime(m+1)=False  div(m)=11   div(m+1)=6    mod7: 2→3  mod17: 4→5
base=2  n=11  m=2048      m+1=2049      prime(m)=False  prime(m+1)=False  div(m)=12   div(m+1)=4    mod7: 4→5  mod17: 8→9
base=2  n=12  m=4096      m+1=4097      prime(m)=False  prime(m+1)=False  div(m)=13   div(m+1)=4    mod7: 1→2  mod17: 16→0

================================================================================
3^n -> 3^n + 1 THRESHOLD PAIRS
================================================================================
base=3  n= 1  m=3         m+1=4         prime(m)=True  prime(m+1)=False  div(m)=2    div(m+1)=3    mod7: 3→4  mod17: 3→4
base=3  n= 2  m=9         m+1=10        prime(m)=False  prime(m+1)=False  div(m)=3    div(m+1)=4    mod7: 2→3  mod17: 9→10
base=3  n= 3  m=27        m+1=28        prime(m)=False  prime(m+1)=False  div(m)=4    div(m+1)=6    mod7: 6→0  mod17: 10→11
base=3  n= 4  m=81        m+1=82        prime(m)=False  prime(m+1)=False  div(m)=5    div(m+1)=4    mod7: 4→5  mod17: 13→14
base=3  n= 5  m=243       m+1=244       prime(m)=False  prime(m+1)=False  div(m)=6    div(m+1)=6    mod7: 5→6  mod17: 5→6
base=3  n= 6  m=729       m+1=730       prime(m)=False  prime(m+1)=False  div(m)=7    div(m+1)=8    mod7: 1→2  mod17: 15→16
base=3  n= 7  m=2187      m+1=2188      prime(m)=False  prime(m+1)=False  div(m)=8    div(m+1)=6    mod7: 3→4  mod17: 11→12
base=3  n= 8  m=6561      m+1=6562      prime(m)=False  prime(m+1)=False  div(m)=9    div(m+1)=8    mod7: 2→3  mod17: 16→0
base=3  n= 9  m=19683     m+1=19684     prime(m)=False  prime(m+1)=False  div(m)=10   div(m+1)=24   mod7: 6→0  mod17: 14→15

[2^n + 1]
Total rows: 12
(m+1) prime count: 4
(m+1) prime ratio: 0.333

[3^n + 1]
Total rows: 9
(m+1) prime count: 0
(m+1) prime ratio: 0.000

================================================================================
SPECIAL THRESHOLD NUMBERS
================================================================================
n=6   prime=False divisors=4   mod7=6  mod17=6 
n=7   prime=True  divisors=2   mod7=0  mod17=7 
n=12  prime=False divisors=6   mod7=5  mod17=12
n=13  prime=True  divisors=2   mod7=6  mod17=13
n=16  prime=False divisors=5   mod7=2  mod17=16
n=17  prime=True  divisors=2   mod7=3  mod17=0 
n=34  prime=False divisors=4   mod7=6  mod17=0 

[stderr]
/Users/tho2020/Documents/GitHub/NEXAH/ENGINE/research/experiments/prime_modular_resonance/analysis/threshold_pairs_2n_3n_analysis.py:106: UserWarning: FigureCanvasAgg is non-interactive, and thus cannot be shown
  plt.show()
/Users/tho2020/Documents/GitHub/NEXAH/ENGINE/research/experiments/prime_modular_resonance/analysis/threshold_pairs_2n_3n_analysis.py:148: UserWarning: FigureCanvasAgg is non-interactive, and thus cannot be shown
  plt.show()

=== threshold_impact_on_mod7_flow.py ===
====================================================================================================
THRESHOLD IMPACT ON MOD-7 FLOW
====================================================================================================
 2^1 | m=2      | m+1=3      | type=2n | prime_jump=True  | nearest_prime=3      | dist_to_global=0.7869
   top edges: 0->4:1.000, 3->5:0.571, 2->6:0.500, 5->4:0.500, 3->2:0.429
 3^1 | m=3      | m+1=4      | type=3n | prime_jump=False | nearest_prime=3      | dist_to_global=0.7869
   top edges: 0->4:1.000, 3->5:0.571, 2->6:0.500, 5->4:0.500, 3->2:0.429
 2^2 | m=4      | m+1=5      | type=2n | prime_jump=True  | nearest_prime=3      | dist_to_global=0.7869
   top edges: 0->4:1.000, 3->5:0.571, 2->6:0.500, 5->4:0.500, 3->2:0.429
 2^3 | m=8      | m+1=9      | type=2n | prime_jump=False | nearest_prime=7      | dist_to_global=0.7991
   top edges: 0->4:1.000, 3->5:0.571, 5->4:0.500, 2->4:0.429, 2->6:0.429
 3^2 | m=9      | m+1=10     | type=3n | prime_jump=False | nearest_prime=7      | dist_to_global=0.7991
   top edges: 0->4:1.000, 3->5:0.571, 5->4:0.500, 2->4:0.429, 2->6:0.429
 2^4 | m=16     | m+1=17     | type=2n | prime_jump=True  | nearest_prime=17     | dist_to_global=0.7749
   top edges: 0->4:1.000, 1->3:0.500, 3->5:0.500, 5->4:0.500, 2->4:0.429
 3^3 | m=27     | m+1=28     | type=3n | prime_jump=False | nearest_prime=29     | dist_to_global=0.7600
   top edges: 0->4:1.000, 3->5:0.556, 5->4:0.500, 1->3:0.429, 2->4:0.429
 2^5 | m=32     | m+1=33     | type=2n | prime_jump=False | nearest_prime=31     | dist_to_global=0.7550
   top edges: 0->4:1.000, 3->5:0.556, 5->4:0.444, 1->3:0.429, 2->4:0.429
 2^6 | m=64     | m+1=65     | type=2n | prime_jump=False | nearest_prime=61     | dist_to_global=0.7007
   top edges: 0->4:1.000, 3->5:0.545, 1->3:0.500, 5->4:0.500, 2->4:0.375
 3^4 | m=81     | m+1=82     | type=3n | prime_jump=False | nearest_prime=79     | dist_to_global=0.7202
   top edges: 0->4:1.000, 1->3:0.556, 5->4:0.545, 3->5:0.500, 4->1:0.400
 2^7 | m=128    | m+1=129    | type=2n | prime_jump=False | nearest_prime=127    | dist_to_global=0.6752
   top edges: 0->4:1.000, 3->5:0.538, 1->3:0.500, 5->4:0.500, 6->3:0.417
 3^5 | m=243    | m+1=244    | type=3n | prime_jump=False | nearest_prime=241    | dist_to_global=1.0793
   top edges: 5->4:0.500, 3->5:0.357, 5->2:0.357, 4->1:0.333, 4->6:0.333
 2^8 | m=256    | m+1=257    | type=2n | prime_jump=True  | nearest_prime=257    | dist_to_global=1.0856
   top edges: 5->4:0.500, 4->1:0.385, 3->5:0.357, 5->2:0.357, 1->3:0.308
 2^9 | m=512    | m+1=513    | type=2n | prime_jump=False | nearest_prime=509    | dist_to_global=1.1145
   top edges: 2->1:0.462, 6->5:0.417, 5->4:0.400, 4->1:0.333, 4->6:0.333
 3^6 | m=729    | m+1=730    | type=3n | prime_jump=False | nearest_prime=727    | dist_to_global=1.0984
   top edges: 5->4:0.429, 4->1:0.385, 2->1:0.364, 1->5:0.333, 4->3:0.308
2^10 | m=1024   | m+1=1025   | type=2n | prime_jump=False | nearest_prime=1021   | dist_to_global=1.1067
   top edges: 4->3:0.462, 5->4:0.462, 1->5:0.417, 2->6:0.308, 4->6:0.308
2^11 | m=2048   | m+1=2049   | type=2n | prime_jump=False | nearest_prime=2053   | dist_to_global=1.1555
   top edges: 3->2:0.444, 1->3:0.417, 5->2:0.417, 6->5:0.375, 4->6:0.333
 3^7 | m=2187   | m+1=2188   | type=3n | prime_jump=False | nearest_prime=2179   | dist_to_global=1.1561
   top edges: 3->2:0.600, 1->3:0.400, 4->1:0.385, 6->1:0.357, 6->5:0.357
2^12 | m=4096   | m+1=4097   | type=2n | prime_jump=False | nearest_prime=4093   | dist_to_global=1.1511
   top edges: 4->6:0.462, 3->2:0.438, 1->3:0.417, 1->4:0.333, 6->3:0.333
 3^8 | m=6561   | m+1=6562   | type=3n | prime_jump=False | nearest_prime=6563   | dist_to_global=1.1734
   top edges: 2->4:0.533, 4->3:0.375, 3->2:0.364, 3->6:0.364, 5->6:0.364
 3^9 | m=19683  | m+1=19684  | type=3n | prime_jump=False | nearest_prime=19681  | dist_to_global=1.2117
   top edges: 1->6:0.462, 3->2:0.444, 2->1:0.385, 5->1:0.364, 5->4:0.364

[stderr]
/Users/tho2020/Documents/GitHub/NEXAH/ENGINE/research/experiments/prime_modular_resonance/analysis/threshold_impact_on_mod7_flow.py:164: UserWarning: FigureCanvasAgg is non-interactive, and thus cannot be shown
  plt.show()
/Users/tho2020/Documents/GitHub/NEXAH/ENGINE/research/experiments/prime_modular_resonance/analysis/threshold_impact_on_mod7_flow.py:173: MatplotlibDeprecationWarning: The 'labels' parameter of boxplot() has been renamed 'tick_labels' since Matplotlib 3.9; support for the old name will be dropped in 3.11.
  plt.boxplot([prime_jump_dist, non_prime_jump_dist], labels=["prime jump", "non-prime jump"])
/Users/tho2020/Documents/GitHub/NEXAH/ENGINE/research/experiments/prime_modular_resonance/analysis/threshold_impact_on_mod7_flow.py:178: UserWarning: FigureCanvasAgg is non-interactive, and thus cannot be shown
  plt.show()
/Users/tho2020/Documents/GitHub/NEXAH/ENGINE/research/experiments/prime_modular_resonance/analysis/threshold_impact_on_mod7_flow.py:196: UserWarning: This figure includes Axes that are not compatible with tight_layout, so results might be incorrect.
  plt.tight_layout()
/Users/tho2020/Documents/GitHub/NEXAH/ENGINE/research/experiments/prime_modular_resonance/analysis/threshold_impact_on_mod7_flow.py:197: UserWarning: FigureCanvasAgg is non-interactive, and thus cannot be shown
  plt.show()

=== edge_flow_circulation_mod7_mod11.py ===
========================================================================
EDGE FLOW CIRCULATION (mod 7 x mod 11)
========================================================================

Top loops:

len=8 | count=   1 | charge=-1 | area=-1.900000
len=8 | count=   1 | charge=-1 | area=-1.033333
len=9 | count=   1 | charge=+1 | area=0.500000
len=10 | count=   1 | charge=+1 | area=0.733333
len=10 | count=   1 | charge=-1 | area=-0.266667
len=10 | count=   1 | charge=-1 | area=-1.000000
len=10 | count=   1 | charge=-1 | area=-0.900000

Charge summary:
Positive: 2
Negative: 5
Zero:     0

[stderr]
/Users/tho2020/Documents/GitHub/NEXAH/ENGINE/research/experiments/prime_modular_resonance/analysis/edge_flow_circulation_mod7_mod11.py:162: UserWarning: FigureCanvasAgg is non-interactive, and thus cannot be shown
  plt.show()

=== symmetry_break_circulation_mod7_mod11.py ===
========================================================================
SYMMETRY BREAK CIRCULATION TEST (mod 7 x mod 11)
========================================================================

Top loops:

Charge summary:
Positive: 0
Negative: 0
Zero:     0

[stderr]
/Users/tho2020/Documents/GitHub/NEXAH/ENGINE/research/experiments/prime_modular_resonance/analysis/symmetry_break_circulation_mod7_mod11.py:182: UserWarning: FigureCanvasAgg is non-interactive, and thus cannot be shown
  plt.show()
/Users/tho2020/Documents/GitHub/NEXAH/ENGINE/research/experiments/prime_modular_resonance/analysis/symmetry_break_circulation_mod7_mod11.py:197: UserWarning: FigureCanvasAgg is non-interactive, and thus cannot be shown
  plt.show()
/Users/tho2020/Documents/GitHub/NEXAH/ENGINE/research/experiments/prime_modular_resonance/analysis/symmetry_break_circulation_mod7_mod11.py:218: UserWarning: FigureCanvasAgg is non-interactive, and thus cannot be shown
  plt.show()
/Users/tho2020/Documents/GitHub/NEXAH/ENGINE/research/experiments/prime_modular_resonance/analysis/symmetry_break_circulation_mod7_mod11.py:228: UserWarning: FigureCanvasAgg is non-interactive, and thus cannot be shown
  plt.show()

=== torus_projection_mod7.py ===

[stderr]
/Users/tho2020/Documents/GitHub/NEXAH/ENGINE/research/experiments/prime_modular_resonance/analysis/torus_projection_mod7.py:35: UserWarning: FigureCanvasAgg is non-interactive, and thus cannot be shown
  plt.show()

=== triangle_flow_animation.py ===

[stderr]
/Users/tho2020/Documents/GitHub/NEXAH/ENGINE/research/experiments/prime_modular_resonance/analysis/triangle_flow_animation.py:42: UserWarning: FigureCanvasAgg is non-interactive, and thus cannot be shown
  plt.show()
/opt/anaconda3/lib/python3.12/site-packages/matplotlib/animation.py:872: UserWarning: Animation was deleted without rendering anything. This is most likely not intended. To prevent deletion, assign the Animation to a variable, e.g. `anim`, that exists until you output the Animation using `plt.show()` or `anim.save()`.

=== unified_flow_torus_map.py ===

[stderr]
/Users/tho2020/Documents/GitHub/NEXAH/ENGINE/research/experiments/prime_modular_resonance/analysis/unified_flow_torus_map.py:54: UserWarning: FigureCanvasAgg is non-interactive, and thus cannot be shown
  plt.show()
